[INFO] Scanning for projects...
[INFO] 
[INFO] ------------------------< com.hrm:hrm-backend >-------------------------
[INFO] Building  0.0.1-SNAPSHOT
[INFO]   from pom.xml
[INFO] --------------------------------[ jar ]---------------------------------
[INFO] 
[INFO] --- resources:3.5.0:resources (default-resources) @ hrm-backend ---
[INFO] Copying 1 resource from src\main\resources to target\classes
[INFO] Copying 0 resource from src\main\resources to target\classes
[INFO] 
[INFO] --- compiler:3.15.0:compile (default-compile) @ hrm-backend ---
[INFO] Recompiling the module because of changed source code.
[INFO] Compiling 25 source files with javac [debug parameters release 17] to target\classes
[INFO] /D:/HRM_Project/hrm-backend/src/main/java/com/hrm/backend/security/JwtTokenProvider.java: D:\HRM_Project\hrm-backend\src\main\java\com\hrm\backend\security\JwtTokenProvider.java uses or overrides a deprecated API.
[INFO] /D:/HRM_Project/hrm-backend/src/main/java/com/hrm/backend/security/JwtTokenProvider.java: Recompile with -Xlint:deprecation for details.
[INFO] -------------------------------------------------------------
[ERROR] COMPILATION ERROR : 
[INFO] -------------------------------------------------------------
[ERROR] /D:/HRM_Project/hrm-backend/src/main/java/com/hrm/backend/config/SecurityConfig.java:[51,50] constructor DaoAuthenticationProvider in class org.springframework.security.authentication.dao.DaoAuthenticationProvider cannot be applied to given types;
  required: org.springframework.security.core.userdetails.UserDetailsService
  found:    no arguments
  reason: actual and formal argument lists differ in length
[ERROR] /D:/HRM_Project/hrm-backend/src/main/java/com/hrm/backend/config/SecurityConfig.java:[52,21] cannot find symbol
  symbol:   method setUserDetailsService(com.hrm.backend.security.CustomUserDetailsService)
  location: variable authProvider of type org.springframework.security.authentication.dao.DaoAuthenticationProvider
[INFO] 2 errors 
[INFO] -------------------------------------------------------------
[INFO] ------------------------------------------------------------------------
[INFO] BUILD FAILURE
[INFO] ------------------------------------------------------------------------
[INFO] Total time:  7.711 s
[INFO] Finished at: 2026-08-29T15:19:48+05:30
[INFO] ------------------------------------------------------------------------
[ERROR] Failed to execute goal org.apache.maven.plugins:maven-compiler-plugin:3.15.0:compile (default-compile) on project hrm-backend: Compilation failure: Compilation failure: 
[ERROR] /D:/HRM_Project/hrm-backend/src/main/java/com/hrm/backend/config/SecurityConfig.java:[51,50] constructor DaoAuthenticationProvider in class org.springframework.security.authentication.dao.DaoAuthenticationProvider cannot be applied to given types;
[ERROR]   required: org.springframework.security.core.userdetails.UserDetailsService
[ERROR]   found:    no arguments
[ERROR]   reason: actual and formal argument lists differ in length
[ERROR] /D:/HRM_Project/hrm-backend/src/main/java/com/hrm/backend/config/SecurityConfig.java:[52,21] cannot find symbol
[ERROR]   symbol:   method setUserDetailsService(com.hrm.backend.security.CustomUserDetailsService)
[ERROR]   location: variable authProvider of type org.springframework.security.authentication.dao.DaoAuthenticationProvider
[ERROR] -> [Help 1]
[ERROR] 
[ERROR] To see the full stack trace of the errors, re-run Maven with the -e switch.
[ERROR] Re-run Maven using the -X switch to enable full debug logging.
[ERROR] 
[ERROR] For more information about the errors and possible solutions, please read the following articles:
[ERROR] [Help 1] http://cwiki.apache.org/confluence/display/MAVEN/MojoFailureException
